<html>
<body>
<pre>
<h1>µVision Build Log</h1>
<h2>Tool Versions:</h2>
IDE-Version: ¦ÌVision V5.27.1.0
Copyright (C) 2019 ARM Ltd and ARM Germany GmbH. All rights reserved.
License Information: 666 1720924391@qq.com, 666, LIC=W96CK-ZHJA2-35FTX-H86X7-4EUBJ-XHH6T
 
Tool Versions:
Toolchain:       MDK-ARM Professional  Version: 5.18
Toolchain Path:  H:\Keil5 MDK\ARM\ARMCC\Bin
C Compiler:      Armcc.exe V5.06 update 1 (build 61)
Assembler:       Armasm.exe V5.06 update 1 (build 61)
Linker/Locator:  ArmLink.exe V5.06 update 1 (build 61)
Library Manager: ArmAr.exe V5.06 update 1 (build 61)
Hex Converter:   FromElf.exe V5.06 update 1 (build 61)
CPU DLL:         SARMCM3.DLL V5.18
Dialog DLL:      DCM.DLL V1.13.6.0
Target DLL:      CMSIS_AGDI.dll V1.25.7.0
Dialog DLL:      TCM.DLL V1.14.8.0
 
<h2>Project:</h2>
H:\STM32\D_Car_MM32\MM32F3277\Balance Car RoundAngle\Project\MDK\MM32F3277.uvprojx
Project File Date:  07/18/2021

<h2>Output:</h2>
*** Using Compiler 'V5.06 update 1 (build 61)', folder: 'H:\Keil5 MDK\ARM\ARMCC\Bin'
Build target 'MM32F3277_Demo'
assembling startup_mm32f327x_keil.s...
compiling board.c...
compiling hal_adc.c...
compiling hal_bkp.c...
compiling system_mm32f327x.c...
compiling hal_can.c...
compiling hal_comp.c...
compiling hal_crc.c...
compiling hal_crs.c...
compiling hal_dac.c...
compiling hal_dbg.c...
compiling hal_dma.c...
compiling hal_eth.c...
compiling hal_exti.c...
compiling hal_fsmc.c...
compiling hal_flash.c...
compiling hal_iwdg.c...
compiling hal_misc.c...
compiling hal_gpio.c...
compiling hal_i2c.c...
compiling hal_pwr.c...
compiling hal_rcc.c...
compiling hal_sdio.c...
compiling hal_rtc.c...
compiling hal_spi.c...
compiling hal_uid.c...
compiling hal_tim.c...
compiling hal_ver.c...
compiling hal_uart.c...
compiling common.c...
compiling hal_wwdg.c...
compiling zf_adc.c...
compiling SEEKFREE_PRINTF.c...
compiling zf_flash.c...
compiling zf_camera.c...
compiling zf_exti.c...
compiling zf_gpio.c...
compiling zf_pit.c...
compiling zf_fsmc.c...
compiling zf_pwm.c...
compiling zf_systick.c...
compiling zf_tim.c...
compiling zf_uart.c...
compiling zf_spi.c...
compiling SEEKFREE_18TFT.c...
compiling SEEKFREE_FONT.c...
compiling SEEKFREE_7725.c...
compiling SEEKFREE_ABSOLUTE_ENCODER.c...
compiling SEEKFREE_IIC.c...
compiling SEEKFREE_ICM20602.c...
compiling SEEKFREE_IPS200_PARALLEL8.c...
compiling SEEKFREE_IPS114_SPI.c...
compiling SEEKFREE_L3G4200D.c...
compiling SEEKFREE_MMA8451.c...
compiling SEEKFREE_MT9V03X.c...
compiling SEEKFREE_MPU6050.c...
compiling SEEKFREE_OLED.c...
compiling SEEKFREE_TSL1401.c...
compiling SEEKFREE_VIRSCO.c...
compiling SEEKFREE_UART_7725.c...
compiling SEEKFREE_FUN.c...
compiling SEEKFREE_WIRELESS.c...
compiling isr.c...
compiling HC_08.c...
compiling ANO_Data_Transfer.c...
compiling main.c...
compiling Key.c...
compiling Car_IMU.c...
compiling BD_fuzzy.c...
compiling Car_FilterCalculate.c...
compiling Car_control.c...
compiling Car_data.c...
compiling menu_core.c...
compiling Car_Task.c...
compiling menu_display.c...
linking...
Program Size: Code=39232 RO-data=9532 RW-data=3356 ZI-data=2732  
".\Objects\MM32F3277.axf" - 0 Error(s), 0 Warning(s).

<h2>Software Packages used:</h2>

Package Vendor: MindMotion
                http://www.mindmotion.com.cn/Download/MDK_KEIL/MindMotion.MM32F327x_DFP.1.0.3.pack
                MindMotion.MM32F327x_DFP.1.0.3
                MindMotion MM32F327x Series Device Support, Drivers and Examples

<h2>Collection of Component include folders:</h2>
  .\RTE\_MM32F3277_Demo

<h2>Collection of Component Files used:</h2>
Build Time Elapsed:  00:00:36
</pre>
</body>
</html>
